// Jest Snapshot v1, https://goo.gl/fbAQLP

exports[`>>>C O M P O N E N T S --- snapshot test for ArticleListView +++ ArticleListView match with snapshot  1`] = `null`;
