// Jest Snapshot v1, https://goo.gl/fbAQLP

exports[`>>>C O M P O N E N T S --- snapshot test for SectionBar +++ SectionBar match with snapshot  1`] = `
<ul
  className="sc-bdVaJa TTSOL"
>
  <li
    className="selected-section sc-bwzfXH jxoMPG"
    onClick={[Function]}
  >
    <a
      href="/"
      onClick={[Function]}
    >
       
      Home
       
    </a>
  </li>
  <li
    className="sc-bwzfXH jxoMPG"
    onClick={[Function]}
  >
    <a
      href="/"
      onClick={[Function]}
    >
       
      World
       
    </a>
  </li>
  <li
    className="sc-bwzfXH jxoMPG"
    onClick={[Function]}
  >
    <a
      href="/"
      onClick={[Function]}
    >
       
      U.S.
       
    </a>
  </li>
  <li
    className="sc-bwzfXH jxoMPG"
    onClick={[Function]}
  >
    <a
      href="/"
      onClick={[Function]}
    >
       
      Politics
       
    </a>
  </li>
  <li
    className="sc-bwzfXH jxoMPG"
    onClick={[Function]}
  >
    <a
      href="/"
      onClick={[Function]}
    >
       
      N.Y.
       
    </a>
  </li>
  <li
    className="sc-bwzfXH jxoMPG"
    onClick={[Function]}
  >
    <a
      href="/"
      onClick={[Function]}
    >
       
      More
       
    </a>
  </li>
</ul>
`;
